main.c:37:6:TIM5_IRQHandler	8	static
main.c:61:6:_calculate_final_signal	32	static
main.c:107:6:init_wheel_signal_ouput	16	static
main.c:132:6:init_TIM5	24	static
main.c:161:6:EXTI0_IRQHandler	88	static
main.c:297:6:init_PB_user	32	static
main.c:335:6:init_wheels_inputs	32	static
main.c:370:6:init_TIM3	24	static
main.c:433:6:init_TIM2	24	static
main.c:456:6:init_DAC	32	static
main.c:479:6:TIM2_IRQHandler	8	static
main.c:502:6:TIM3_IRQHandler	8	static
main.c:510:14:_calculate_rotation_speed	16	static
main.c:514:6:EXTI9_5_IRQHandler	8	static
main.c:532:5:main	8	static
main.c:552:10:sEE_TIMEOUT_UserCallback	4	static
