main.c:65:6:TIM5_IRQHandler	8	static
main.c:87:6:init_wheel_signal_ouput	16	static
main.c:100:6:init_TIM5	24	static
main.c:127:6:EXTI0_IRQHandler	88	static
main.c:237:6:init_PB_user	32	static
main.c:275:6:init_wheels_inputs	32	static
main.c:309:6:init_TIM3_TIM4	24	static
main.c:340:6:init_TIM2	24	static
main.c:363:6:init_DAC	32	static
main.c:386:6:TIM2_IRQHandler	8	static
main.c:400:6:TIM3_IRQHandler	8	static
main.c:409:6:TIM4_IRQHandler	8	static
main.c:417:14:_calculate_rotation_speed	16	static
main.c:421:6:EXTI15_10_IRQHandler	8	static
main.c:444:5:main	8	static
main.c:466:10:sEE_TIMEOUT_UserCallback	4	static
